2024-12-24 05:13:34,057 - INFO - Starting renaming process in base directory: c:\Users\15980\Downloads\FootballProjects\backend\Teams
2024-12-24 05:13:34,060 - INFO - Renamed: c:\Users\15980\Downloads\FootballProjects\backend\Teams\atlanta-falcons\special-teams_2023.csv -> c:\Users\15980\Downloads\FootballProjects\backend\Teams\atlanta-falcons\special_teams_2023.csv
2024-12-24 05:13:34,062 - INFO - Renamed: c:\Users\15980\Downloads\FootballProjects\backend\Teams\baltimore-ravens\special-teams_2023.csv -> c:\Users\15980\Downloads\FootballProjects\backend\Teams\baltimore-ravens\special_teams_2023.csv
2024-12-24 05:13:34,063 - INFO - Renamed: c:\Users\15980\Downloads\FootballProjects\backend\Teams\buffalo-bills\special-teams_2023.csv -> c:\Users\15980\Downloads\FootballProjects\backend\Teams\buffalo-bills\special_teams_2023.csv
2024-12-24 05:13:34,064 - INFO - Renamed: c:\Users\15980\Downloads\FootballProjects\backend\Teams\carolina-panthers\special-teams_2023.csv -> c:\Users\15980\Downloads\FootballProjects\backend\Teams\carolina-panthers\special_teams_2023.csv
2024-12-24 05:13:34,065 - INFO - Renamed: c:\Users\15980\Downloads\FootballProjects\backend\Teams\chicago-bears\special-teams_2023.csv -> c:\Users\15980\Downloads\FootballProjects\backend\Teams\chicago-bears\special_teams_2023.csv
2024-12-24 05:13:34,066 - INFO - Renamed: c:\Users\15980\Downloads\FootballProjects\backend\Teams\cincinnati-bengals\special-teams_2023.csv -> c:\Users\15980\Downloads\FootballProjects\backend\Teams\cincinnati-bengals\special_teams_2023.csv
2024-12-24 05:13:34,068 - INFO - Renamed: c:\Users\15980\Downloads\FootballProjects\backend\Teams\cleveland-browns\special-teams_2023.csv -> c:\Users\15980\Downloads\FootballProjects\backend\Teams\cleveland-browns\special_teams_2023.csv
2024-12-24 05:13:34,069 - INFO - Renamed: c:\Users\15980\Downloads\FootballProjects\backend\Teams\dallas-cowboys\special-teams_2023.csv -> c:\Users\15980\Downloads\FootballProjects\backend\Teams\dallas-cowboys\special_teams_2023.csv
2024-12-24 05:13:34,071 - INFO - Renamed: c:\Users\15980\Downloads\FootballProjects\backend\Teams\denver-broncos\special-teams_2023.csv -> c:\Users\15980\Downloads\FootballProjects\backend\Teams\denver-broncos\special_teams_2023.csv
2024-12-24 05:13:34,072 - INFO - Renamed: c:\Users\15980\Downloads\FootballProjects\backend\Teams\detroit-lions\special-teams_2023.csv -> c:\Users\15980\Downloads\FootballProjects\backend\Teams\detroit-lions\special_teams_2023.csv
2024-12-24 05:13:34,073 - INFO - Renamed: c:\Users\15980\Downloads\FootballProjects\backend\Teams\green-bay-packers\special-teams_2023.csv -> c:\Users\15980\Downloads\FootballProjects\backend\Teams\green-bay-packers\special_teams_2023.csv
2024-12-24 05:13:34,074 - INFO - Renamed: c:\Users\15980\Downloads\FootballProjects\backend\Teams\houston-texans\special-teams_2023.csv -> c:\Users\15980\Downloads\FootballProjects\backend\Teams\houston-texans\special_teams_2023.csv
2024-12-24 05:13:34,075 - INFO - Renamed: c:\Users\15980\Downloads\FootballProjects\backend\Teams\indianapolis-colts\special-teams_2023.csv -> c:\Users\15980\Downloads\FootballProjects\backend\Teams\indianapolis-colts\special_teams_2023.csv
2024-12-24 05:13:34,076 - INFO - Renamed: c:\Users\15980\Downloads\FootballProjects\backend\Teams\jacksonville-jaguars\special-teams_2023.csv -> c:\Users\15980\Downloads\FootballProjects\backend\Teams\jacksonville-jaguars\special_teams_2023.csv
2024-12-24 05:13:34,078 - INFO - Renamed: c:\Users\15980\Downloads\FootballProjects\backend\Teams\kansas-city-chiefs\special-teams_2023.csv -> c:\Users\15980\Downloads\FootballProjects\backend\Teams\kansas-city-chiefs\special_teams_2023.csv
2024-12-24 05:13:34,079 - INFO - Renamed: c:\Users\15980\Downloads\FootballProjects\backend\Teams\las-vegas-raiders\special-teams_2023.csv -> c:\Users\15980\Downloads\FootballProjects\backend\Teams\las-vegas-raiders\special_teams_2023.csv
2024-12-24 05:13:34,080 - INFO - Renamed: c:\Users\15980\Downloads\FootballProjects\backend\Teams\los-angeles-chargers\special-teams_2023.csv -> c:\Users\15980\Downloads\FootballProjects\backend\Teams\los-angeles-chargers\special_teams_2023.csv
2024-12-24 05:13:34,082 - INFO - Renamed: c:\Users\15980\Downloads\FootballProjects\backend\Teams\los-angeles-rams\special-teams_2023.csv -> c:\Users\15980\Downloads\FootballProjects\backend\Teams\los-angeles-rams\special_teams_2023.csv
2024-12-24 05:13:34,083 - INFO - Renamed: c:\Users\15980\Downloads\FootballProjects\backend\Teams\miami-dolphins\special-teams_2023.csv -> c:\Users\15980\Downloads\FootballProjects\backend\Teams\miami-dolphins\special_teams_2023.csv
2024-12-24 05:13:34,085 - INFO - Renamed: c:\Users\15980\Downloads\FootballProjects\backend\Teams\minnesota-vikings\special-teams_2023.csv -> c:\Users\15980\Downloads\FootballProjects\backend\Teams\minnesota-vikings\special_teams_2023.csv
2024-12-24 05:13:34,086 - INFO - Renamed: c:\Users\15980\Downloads\FootballProjects\backend\Teams\new-england-patriots\special-teams_2023.csv -> c:\Users\15980\Downloads\FootballProjects\backend\Teams\new-england-patriots\special_teams_2023.csv
2024-12-24 05:13:34,087 - INFO - Renamed: c:\Users\15980\Downloads\FootballProjects\backend\Teams\new-orleans-saints\special-teams_2023.csv -> c:\Users\15980\Downloads\FootballProjects\backend\Teams\new-orleans-saints\special_teams_2023.csv
2024-12-24 05:13:34,088 - INFO - Renamed: c:\Users\15980\Downloads\FootballProjects\backend\Teams\new-york-giants\special-teams_2023.csv -> c:\Users\15980\Downloads\FootballProjects\backend\Teams\new-york-giants\special_teams_2023.csv
2024-12-24 05:13:34,090 - INFO - Renamed: c:\Users\15980\Downloads\FootballProjects\backend\Teams\new-york-jets\special-teams_2023.csv -> c:\Users\15980\Downloads\FootballProjects\backend\Teams\new-york-jets\special_teams_2023.csv
2024-12-24 05:13:34,091 - INFO - Renamed: c:\Users\15980\Downloads\FootballProjects\backend\Teams\philadelphia-eagles\special-teams_2023.csv -> c:\Users\15980\Downloads\FootballProjects\backend\Teams\philadelphia-eagles\special_teams_2023.csv
2024-12-24 05:13:34,092 - INFO - Renamed: c:\Users\15980\Downloads\FootballProjects\backend\Teams\pittsburgh-steelers\special-teams_2023.csv -> c:\Users\15980\Downloads\FootballProjects\backend\Teams\pittsburgh-steelers\special_teams_2023.csv
2024-12-24 05:13:34,094 - INFO - Renamed: c:\Users\15980\Downloads\FootballProjects\backend\Teams\san-francisco-49ers\special-teams_2023.csv -> c:\Users\15980\Downloads\FootballProjects\backend\Teams\san-francisco-49ers\special_teams_2023.csv
2024-12-24 05:13:34,096 - INFO - Renamed: c:\Users\15980\Downloads\FootballProjects\backend\Teams\seattle-seahawks\special-teams_2023.csv -> c:\Users\15980\Downloads\FootballProjects\backend\Teams\seattle-seahawks\special_teams_2023.csv
2024-12-24 05:13:34,097 - INFO - Renamed: c:\Users\15980\Downloads\FootballProjects\backend\Teams\tampa-bay-buccaneers\special-teams_2023.csv -> c:\Users\15980\Downloads\FootballProjects\backend\Teams\tampa-bay-buccaneers\special_teams_2023.csv
2024-12-24 05:13:34,099 - INFO - Renamed: c:\Users\15980\Downloads\FootballProjects\backend\Teams\tennessee-titans\special-teams_2023.csv -> c:\Users\15980\Downloads\FootballProjects\backend\Teams\tennessee-titans\special_teams_2023.csv
2024-12-24 05:13:34,099 - INFO - Renamed: c:\Users\15980\Downloads\FootballProjects\backend\Teams\washington-commanders\special-teams_2023.csv -> c:\Users\15980\Downloads\FootballProjects\backend\Teams\washington-commanders\special_teams_2023.csv
2024-12-24 05:13:34,101 - INFO - Renaming process completed.
